// Jest Snapshot v1, https://goo.gl/fbAQLP

exports[`Home Home matched snapshot 1`] = `
<div>
  <p>
    <span
      size="20px"
      style={
        Object {
          "display": "inherit",
        }
      }
    >
      <span
        style={
          Object {
            "animation": "react-spinners-ScaleLoader-scale 1s 0.1s infinite cubic-bezier(0.2, 0.68, 0.18, 1.08)",
            "animationFillMode": "both",
            "backgroundColor": "white",
            "borderRadius": "2px",
            "display": "inline-block",
            "height": "35px",
            "margin": "2px",
            "width": "4px",
          }
        }
      />
      <span
        style={
          Object {
            "animation": "react-spinners-ScaleLoader-scale 1s 0.2s infinite cubic-bezier(0.2, 0.68, 0.18, 1.08)",
            "animationFillMode": "both",
            "backgroundColor": "white",
            "borderRadius": "2px",
            "display": "inline-block",
            "height": "35px",
            "margin": "2px",
            "width": "4px",
          }
        }
      />
      <span
        style={
          Object {
            "animation": "react-spinners-ScaleLoader-scale 1s 0.30000000000000004s infinite cubic-bezier(0.2, 0.68, 0.18, 1.08)",
            "animationFillMode": "both",
            "backgroundColor": "white",
            "borderRadius": "2px",
            "display": "inline-block",
            "height": "35px",
            "margin": "2px",
            "width": "4px",
          }
        }
      />
      <span
        style={
          Object {
            "animation": "react-spinners-ScaleLoader-scale 1s 0.4s infinite cubic-bezier(0.2, 0.68, 0.18, 1.08)",
            "animationFillMode": "both",
            "backgroundColor": "white",
            "borderRadius": "2px",
            "display": "inline-block",
            "height": "35px",
            "margin": "2px",
            "width": "4px",
          }
        }
      />
      <span
        style={
          Object {
            "animation": "react-spinners-ScaleLoader-scale 1s 0.5s infinite cubic-bezier(0.2, 0.68, 0.18, 1.08)",
            "animationFillMode": "both",
            "backgroundColor": "white",
            "borderRadius": "2px",
            "display": "inline-block",
            "height": "35px",
            "margin": "2px",
            "width": "4px",
          }
        }
      />
    </span>
  </p>
</div>
`;
