// Jest Snapshot v1, https://goo.gl/fbAQLP

exports[`Home Home matched snapshot 1`] = `
<div
  className="container-lg"
>
  <svg
    className="rsm-svg "
    data-tip=""
    viewBox="0 0 950 650"
  >
    <g
      className="rsm-geographies "
    />
    <a
      href="/person"
      onClick={[Function]}
    >
      <g
        className="rsm-marker "
        onBlur={[Function]}
        onFocus={[Function]}
        onMouseDown={[Function]}
        onMouseEnter={[Function]}
        onMouseLeave={[Function]}
        onMouseUp={[Function]}
        transform="translate(NaN, NaN)"
      >
        <g
          fill="none"
          stroke="#FF5533"
          strokeLinecap="round"
          strokeLinejoin="round"
          strokeWidth="3"
        >
          <circle
            cx="12"
            cy="10"
            r="2"
          />
          <path
            d="M12 21.7C17.3 17 20 13 20 10a8 8 0 1 0-16 0c0 3 2.7 6.9 8 11.7z"
          />
        </g>
      </g>
    </a>
  </svg>
</div>
`;
